Removed Pin From Net: NetName=GND Pin=C2-1
Removed Pin From Net: NetName=3V3 Pin=C2-2
Removed Pin From Net: NetName=V-USB Pin=J2-1
Removed Pin From Net: NetName=GND Pin=J2-5
Removed Pin From Net: NetName=GND Pin=J2-S
Removed Pin From Net: NetName=GND Pin=J2-S
Removed Pin From Net: NetName=GND Pin=J2-S
Removed Pin From Net: NetName=GND Pin=J2-S
Removed Pin From Net: NetName=GND Pin=J2-S
Removed Pin From Net: NetName=GND Pin=J2-S
Removed Pin From Net: NetName=I2C-SDA Pin=J3-1
Removed Pin From Net: NetName=I2C-SCK Pin=J3-2
Removed Pin From Net: NetName=3V3 Pin=J3-3
Removed Pin From Net: NetName=GND Pin=J3-4
Removed Pin From Net: NetName=GND Pin=J4-1
Removed Pin From Net: NetName=VBATT Pin=J4-2
Removed Pin From Net: NetName=I2C-SDA Pin=U2-8
Removed Pin From Net: NetName=I2C-SCK Pin=U2-9
Removed Pin From Net: NetName=STEER-PWM Pin=U2-11
Removed Pin From Net: NetName=MOTOR-1 Pin=U2-27
Removed Pin From Net: NetName=MOTOR-2 Pin=U2-28
Removed Pin From Net: NetName=IR-EMIT Pin=U2-30
Removed Pin From Net: NetName=IR-RECV Pin=U2-31
Removed Member From Class: ClassName=MCU Member=C2
Removed Member From Class: ClassName=MCU Member=J2
Removed Member From Class: ClassName=MCU Member=J3
Removed Member From Class: ClassName=Power_Supply Member=J4
Removed Member From Class: ClassName=Motor_Driver Member=J5
Removed Member From Class: ClassName=Motor_Driver Member=J6
Change Footprint: Footprint Not Found FCI USB 10118193-0001LF
Change Component Comment : Designator=J4 Old Comment=B2B-XH-A(LF)(SN) New Comment=10118193-0001LF
Change Component Designator: OldDesignator=C1 NewDesignator=C2
Change Component Designator: OldDesignator=J1 NewDesignator=J2
Change Component Designator: OldDesignator=U3 NewDesignator=U4
Change Component Designator: OldDesignator=U4 NewDesignator=U5
Change Component Designator: OldDesignator=U5 NewDesignator=U3
Change component parameters: Designator = "J4" ("J4"); Footprint = "JST XH B2B-XH-A"; UniqueID = "\BNKRLZNR" ("\BNKRLZNR")
Change component parameters (AddParameter): Name = "ComponentLink1Description"; Value = "Datasheet"; VariantName = "[No Variations]"
Change component parameters (AddParameter): Name = "ComponentLink1URL"; Value = "https://cdn.amphenol-icc.com/media/wysiwyg/files/documentation/datasheet/inputoutput/io_usb_micro.pdf"; VariantName = "[No Variations]"
Change component parameters (AddParameter): Name = "ComponentLink2Description"; Value = "DigiKey Link"; VariantName = "[No Variations]"
Change component parameters (AddParameter): Name = "ComponentLink2URL"; Value = "//digikey.com/product-detail/en/amphenol-icc-fci/10118193-0001LF/609-4616-2-ND/2785388"; VariantName = "[No Variations]"
Change component parameters (AddParameter): Name = "Connector Type"; Value = "USB - micro B"; VariantName = "[No Variations]"
Change component parameters (AddParameter): Name = "Current Rating (Amps)"; Value = "1.8A per Contact"; VariantName = "[No Variations]"
Change component parameters (AddParameter): Name = "Features"; Value = "Solder Retention"; VariantName = "[No Variations]"
Change component parameters (AddParameter): Name = "Gender"; Value = "Receptacle"; VariantName = "[No Variations]"
Change component parameters (AddParameter): Name = "LastUpdated"; Value = "12/9/2019 8:51:28 PM"; VariantName = "[No Variations]"
Change component parameters (AddParameter): Name = "Lifecycle Status"; Value = "0"; VariantName = "[No Variations]"
Change component parameters (AddParameter): Name = "Manufacturer"; Value = "Amphenol ICC (FCI)"; VariantName = "[No Variations]"
Change component parameters (AddParameter): Name = "Mating Cycles"; Value = "10000"; VariantName = "[No Variations]"
Change component parameters (AddParameter): Name = "Minimum Order"; Value = "1"; VariantName = "[No Variations]"
Change component parameters (AddParameter): Name = "Mounting Feature"; Value = "Horizontal"; VariantName = "[No Variations]"
Change component parameters (AddParameter): Name = "Mounting Type"; Value = "Surface Mount, Right Angle; Through Hole"; VariantName = "[No Variations]"
Change component parameters (AddParameter): Name = "Number of Contacts"; Value = "5"; VariantName = "[No Variations]"
Change component parameters (AddParameter): Name = "Number of Ports"; Value = "1"; VariantName = "[No Variations]"
Change component parameters (AddParameter): Name = "Operating Temperature"; Value = "-30°C ~ 80°C"; VariantName = "[No Variations]"
Change component parameters (AddParameter): Name = "Packaging"; Value = "TapeAndReel"; VariantName = "[No Variations]"
Change component parameters (AddParameter): Name = "Part Number"; Value = "10118193-0001LF"; VariantName = "[No Variations]"
Change component parameters (AddParameter): Name = "Part Status"; Value = "Active"; VariantName = "[No Variations]"
Change component parameters (AddParameter): Name = "Price"; Value = "0.21"; VariantName = "[No Variations]"
Change component parameters (AddParameter): Name = "Series"; Value = "-"; VariantName = "[No Variations]"
Change component parameters (AddParameter): Name = "Shielding"; Value = "Shielded"; VariantName = "[No Variations]"
Change component parameters (AddParameter): Name = "Specifications"; Value = "USB 2.0"; VariantName = "[No Variations]"
Change component parameters (AddParameter): Name = "Supplier 1"; Value = "DigiKey"; VariantName = "[No Variations]"
Change component parameters (AddParameter): Name = "Supplier Part Number 1"; Value = "609-4616-2-ND"; VariantName = "[No Variations]"
Change component parameters (AddParameter): Name = "Termination"; Value = "Solder"; VariantName = "[No Variations]"
Change component parameters (AddParameter): Name = "Voltage - Rated"; Value = "100VAC"; VariantName = "[No Variations]"
Added Component: Designator=C1(CAP 0805_2012)
Add component (AddParameter): Name = "Applications"; Value = "General Purpose"; VariantName = "[No Variations]"
Add component (AddParameter): Name = "Capacitance"; Value = "0.1 µF"; VariantName = "[No Variations]"
Add component (AddParameter): Name = "componentlink1description"; Value = "Datasheet"; VariantName = "[No Variations]"
Add component (AddParameter): Name = "componentlink1url"; Value = "http://www.passivecomponent.com/wp-content/uploads/2018/10/MLCC.pdf"; VariantName = "[No Variations]"
Add component (AddParameter): Name = "componentlink2description"; Value = "DigiKey Link"; VariantName = "[No Variations]"
Add component (AddParameter): Name = "componentlink2url"; Value = "https://www.digikey.com/en/products/detail/walsin-technology-corporation/0805B104K250CT/9355063"; VariantName = "[No Variations]"
Add component (AddParameter): Name = "Device Package"; Value = "0805 (2012 Metric)"; VariantName = "[No Variations]"
Add component (AddParameter): Name = "lastupdated"; Value = "2/9/2024 8:16:02 PM"; VariantName = "[No Variations]"
Add component (AddParameter): Name = "Lifecycle Status"; Value = "Active"; VariantName = "[No Variations]"
Add component (AddParameter): Name = "manufacturer"; Value = "Walsin Technology Corporation"; VariantName = "[No Variations]"
Add component (AddParameter): Name = "Minimum Order"; Value = "1"; VariantName = "[No Variations]"
Add component (AddParameter): Name = "Mounting Type"; Value = "Surface Mount, MLCC"; VariantName = "[No Variations]"
Add component (AddParameter): Name = "Operating Temperature"; Value = "-55°C ~ 125°C"; VariantName = "[No Variations]"
Add component (AddParameter): Name = "Package / Case"; Value = "0805 (2012 Metric)"; VariantName = "[No Variations]"
Add component (AddParameter): Name = "packaging"; Value = "TapeAndReel"; VariantName = "[No Variations]"
Add component (AddParameter): Name = "Part Number"; Value = "0805B104K250CT"; VariantName = "[No Variations]"
Add component (AddParameter): Name = "Part Status"; Value = "Active"; VariantName = "[No Variations]"
Add component (AddParameter): Name = "partid"; Value = "4879"; VariantName = "[No Variations]"
Add component (AddParameter): Name = "price"; Value = "0.01"; VariantName = "[No Variations]"
Add component (AddParameter): Name = "series"; Value = "-"; VariantName = "[No Variations]"
Add component (AddParameter): Name = "Size / Dimension"; Value = "0.079" L x 0.049" W (2.00mm x 1.25mm)"; VariantName = "[No Variations]"
Add component (AddParameter): Name = "Supplier 1"; Value = "DigiKey"; VariantName = "[No Variations]"
Add component (AddParameter): Name = "Supplier Part Number 1"; Value = "1292-1566-1-ND"; VariantName = "[No Variations]"
Add component (AddParameter): Name = "Temperature Coefficient"; Value = "X7R"; VariantName = "[No Variations]"
Add component (AddParameter): Name = "Thickness (Max)"; Value = "0.035" (0.90mm)"; VariantName = "[No Variations]"
Add component (AddParameter): Name = "Tolerance"; Value = "±10%"; VariantName = "[No Variations]"
Add component (AddParameter): Name = "value"; Value = "0.1 µF"; VariantName = "[No Variations]"
Add component (AddParameter): Name = "Voltage - Rated"; Value = "25V"; VariantName = "[No Variations]"
Added Component: Designator=J1(JST XH B2B-XH-A)
Add component (AddParameter): Name = "ComponentLink1Description"; Value = "Datasheet"; VariantName = "[No Variations]"
Add component (AddParameter): Name = "ComponentLink1URL"; Value = "http://www.jst-mfg.com/product/pdf/eng/eXH.pdf"; VariantName = "[No Variations]"
Add component (AddParameter): Name = "ComponentLink2Description"; Value = "DigiKey Link"; VariantName = "[No Variations]"
Add component (AddParameter): Name = "ComponentLink2URL"; Value = "http://digikey.com/product-detail/en/jst-sales-america-inc/B2B-XH-A-LF-SN/455-2247-ND/1651045"; VariantName = "[No Variations]"
Add component (AddParameter): Name = "Connector Type"; Value = "Header"; VariantName = "[No Variations]"
Add component (AddParameter): Name = "Contact Finish - Mating"; Value = "Tin"; VariantName = "[No Variations]"
Add component (AddParameter): Name = "Contact Finish - Post"; Value = "Tin"; VariantName = "[No Variations]"
Add component (AddParameter): Name = "Contact Length - Post"; Value = "0.134" (3.40mm)"; VariantName = "[No Variations]"
Add component (AddParameter): Name = "Contact Material"; Value = "Brass"; VariantName = "[No Variations]"
Add component (AddParameter): Name = "Contact Shape"; Value = "Square"; VariantName = "[No Variations]"
Add component (AddParameter): Name = "Contact Type"; Value = "Male Pin"; VariantName = "[No Variations]"
Add component (AddParameter): Name = "Current Rating (Amps)"; Value = "3A"; VariantName = "[No Variations]"
Add component (AddParameter): Name = "Fastening Type"; Value = "Detent Lock"; VariantName = "[No Variations]"
Add component (AddParameter): Name = "Insulation Color"; Value = "Natural"; VariantName = "[No Variations]"
Add component (AddParameter): Name = "Insulation Height"; Value = "0.276" (7.00mm)"; VariantName = "[No Variations]"
Add component (AddParameter): Name = "Insulation Material"; Value = "Polyamide (PA66), Nylon 6/6"; VariantName = "[No Variations]"
Add component (AddParameter): Name = "LastUpdated"; Value = "1/12/2020 11:46:08 PM"; VariantName = "[No Variations]"
Add component (AddParameter): Name = "Lifecycle Status"; Value = "Active"; VariantName = "[No Variations]"
Add component (AddParameter): Name = "Manufacturer"; Value = "JST Sales America Inc."; VariantName = "[No Variations]"
Add component (AddParameter): Name = "Material Flammability Rating"; Value = "UL94 V-0"; VariantName = "[No Variations]"
Add component (AddParameter): Name = "Minimum Order"; Value = "1"; VariantName = "[No Variations]"
Add component (AddParameter): Name = "Mounting Type"; Value = "Through Hole"; VariantName = "[No Variations]"
Add component (AddParameter): Name = "Number of Positions"; Value = "2"; VariantName = "[No Variations]"
Add component (AddParameter): Name = "Number of Positions Loaded"; Value = "All"; VariantName = "[No Variations]"
Add component (AddParameter): Name = "Number of Rows"; Value = "1"; VariantName = "[No Variations]"
Add component (AddParameter): Name = "Operating Temperature"; Value = "-25°C ~ 85°C"; VariantName = "[No Variations]"
Add component (AddParameter): Name = "Packaging"; Value = "Bulk"; VariantName = "[No Variations]"
Add component (AddParameter): Name = "Part Number"; Value = "B2B-XH-A(LF)(SN)"; VariantName = "[No Variations]"
Add component (AddParameter): Name = "Part Status"; Value = "Active"; VariantName = "[No Variations]"
Add component (AddParameter): Name = "PartId"; Value = "67"; VariantName = "[No Variations]"
Add component (AddParameter): Name = "Pitch - Mating"; Value = "0.098" (2.50mm)"; VariantName = "[No Variations]"
Add component (AddParameter): Name = "Price"; Value = "0.15"; VariantName = "[No Variations]"
Add component (AddParameter): Name = "Series"; Value = "XH"; VariantName = "[No Variations]"
Add component (AddParameter): Name = "Shrouding"; Value = "Shrouded - 4 Wall"; VariantName = "[No Variations]"
Add component (AddParameter): Name = "Style"; Value = "Board to Cable/Wire"; VariantName = "[No Variations]"
Add component (AddParameter): Name = "Supplier 1"; Value = "DigiKey"; VariantName = "[No Variations]"
Add component (AddParameter): Name = "Supplier Part Number 1"; Value = "455-2247-ND"; VariantName = "[No Variations]"
Add component (AddParameter): Name = "Termination"; Value = "Press-Fit, Solder"; VariantName = "[No Variations]"
Add component (AddParameter): Name = "Voltage Rating"; Value = "250V"; VariantName = "[No Variations]"
Added Pin To Net: NetName=GND Pin=C1-1
Added Pin To Net: NetName=3V3 Pin=C1-2
Added Pin To Net: NetName=GND Pin=J1-1
Added Pin To Net: NetName=VBATT Pin=J1-2
Added Pin To Net: NetName=3V3 Pin=J3-1
Added Pin To Net: NetName=GND Pin=J3-2
Added Pin To Net: NetName=I2C-SDA Pin=J3-3
Added Pin To Net: NetName=I2C-SCK Pin=J3-4
Added Pin To Net: NetName=V-USB Pin=J4-1
Add Pin To Net: Unknown Pin: Pin J4-5
Add Pin To Net: Unknown Pin: Pin J4-S
Added Pin To Net: NetName=MOTOR-1 Pin=U2-6
Added Pin To Net: NetName=MOTOR-2 Pin=U2-7
Added Pin To Net: NetName=IR-RECV Pin=U2-10
Added Pin To Net: NetName=IR-EMIT Pin=U2-11
Added Pin To Net: NetName=I2C-SDA Pin=U2-12
Added Pin To Net: NetName=I2C-SCK Pin=U2-13
Added Pin To Net: NetName=STEER-PWM Pin=U2-14
Change Net Name : Old Net Name=NetJ5_1 New Net Name=MOTOR-2-OUT
Change Net Name : Old Net Name=NetJ5_2 New Net Name=MOTOR-1-OUT
Change Net Name : Old Net Name=NetU3_2 New Net Name=NetU4_2
Change Net Name : Old Net Name=USB-DN-PROT New Net Name=USB-PROT_N
Change Net Name : Old Net Name=USB-DP-PROT New Net Name=USB-PROT_P
Added Pin To Net: NetName=USB_N Pin=J4-2
Added Pin To Net: NetName=USB_N Pin=U1-2
Added Net: Name=USB_N
Added Pin To Net: NetName=USB_P Pin=U1-1
Added Net: Name=USB_P
Added Differential Pair: Name=USB-PROT
Added Differential Pair: Name=USB
Added Member To Class: ClassName=Top_Level Member=Component C1 0.1 µF
Added Member To Class: ClassName=Top_Level Member=Component J2 B4B-XH-A(LF)(SN)
Added Member To Class: ClassName=Top_Level Member=Component J3 B4B-XH-A(LF)(SN)
Added Member To Class: ClassName=Top_Level Member=Component J4 10118193-0001LF
Added Member To Class: ClassName=Top_Level Member=Component J5 B2B-XH-A(LF)(SN)
Added Member To Class: ClassName=Top_Level Member=Component J6 B3B-XH-A(LF)(SN)
