Removed Pin From Net: NetName=USB-DP-PROT Pin=U1-6
Removed Pin From Net: NetName=USB-DN-PROT Pin=U1-7
Removed Pin From Net: NetName=VUSB-PROT Pin=U1-8
Removed Member From Class: ClassName=Power_Supply Member=C16
Removed Member From Class: ClassName=MCU Member=J4
Removed Member From Class: ClassName=Top_Level Member=J4
Added Pin To Net: NetName=VUSB-PROT Pin=U1-6
Added Pin To Net: NetName=USB-DP-PROT Pin=U1-7
Added Pin To Net: NetName=USB-DN-PROT Pin=U1-8
Change Net Name : Old Net Name=USB-DN New Net Name=USB-DP
Change Net Name : Old Net Name=USB-DP New Net Name=V-USB
Change Net Name : Old Net Name=V-USB New Net Name=USB-DN
Added Member To Class: ClassName=MCU Member=Component C2 0.1 µF
Added Member To Class: ClassName=MCU Member=Component C5 0.1 µF
Added Member To Class: ClassName=MCU Member=Component C6 0.1 µF
Added Member To Class: ClassName=Power_Supply Member=Component C8 4.7µF
Added Member To Class: ClassName=Power_Supply Member=Component C9 4.7µF
Added Member To Class: ClassName=Power_Supply Member=Component C10 0.1 µF
Added Member To Class: ClassName=Power_Supply Member=Component C13 0.1 µF
Added Member To Class: ClassName=Power_Supply Member=Component C14 0.1 µF
Added Member To Class: ClassName=Motor_Driver Member=Component C15 0.1 µF
Added Member To Class: ClassName=Top_Level Member=Component J1 B4B-XH-A(LF)(SN)
Added Member To Class: ClassName=MCU Member=Component J2 10118193-0001LF
Added Member To Class: ClassName=MCU Member=Component R3 47.5 kOhms
Added Member To Class: ClassName=MCU Member=Component R6 270 Ohms
Added Member To Class: ClassName=MCU Member=Component R7 10 kOhms
Added Member To Class: ClassName=MCU Member=Component R8 0 Ohms
Added Member To Class: ClassName=Power_Supply Member=Component R11 270 Ohms
Added Member To Class: ClassName=Power_Supply Member=Component R12 499 Ohms
Added Member To Class: ClassName=MCU Member=Component SW2 TS04-66-43-BK-160-SMT
Added Member To Class: ClassName=MCU Member=Component U3 COM-13667
Added Member To Class: ClassName=MCU Member=Component U4 COM-13667
Added Member To Class: ClassName=MCU Member=Component U5 CP2102N-A02-GQFN24R
Added Member To Class: ClassName=Power_Supply Member=Component U8 TPSM861253RDXR
Added Member To Class: ClassName=Motor_Driver Member=Component U9 DRV8210PDSGR
